// Jest Snapshot v1, https://goo.gl/fbAQLP

exports[`renders correctly 1`] = `
<View
  accessibilityState={
    {
      "busy": undefined,
      "checked": undefined,
      "disabled": undefined,
      "expanded": undefined,
      "selected": undefined,
    }
  }
  accessibilityValue={
    {
      "max": undefined,
      "min": undefined,
      "now": undefined,
      "text": undefined,
    }
  }
  accessible={true}
  collapsable={false}
  focusable={true}
  onBlur={[Function]}
  onClick={[Function]}
  onFocus={[Function]}
  onResponderGrant={[Function]}
  onResponderMove={[Function]}
  onResponderRelease={[Function]}
  onResponderTerminate={[Function]}
  onResponderTerminationRequest={[Function]}
  onStartShouldSetResponder={[Function]}
  style={
    [
      {
        "backgroundColor": "#991b1b",
      },
      {
        "marginBottom": 6,
        "marginLeft": 6,
        "marginRight": 6,
        "marginTop": 6,
      },
      {
        "paddingBottom": 12,
        "paddingLeft": 12,
        "paddingRight": 12,
        "paddingTop": 12,
      },
      {
        "borderBottomLeftRadius": 9999,
        "borderBottomRightRadius": 9999,
        "borderTopLeftRadius": 9999,
        "borderTopRightRadius": 9999,
      },
    ]
  }
>
  This is a unit test for the ThemedPressable component
</View>
`;
